
SQL*Plus: Release 11.2.0.2.0 Production on Fri Aug 12 12:12:14 2022

Copyright (c) 1982, 2014, Oracle.  All rights reserved.

SQL> CONNECT CSCE2029046/aman;
Connected.
SQL> drop table course cascade constraints;

Table dropped.

SQL> select * from tab;

TNAME                          TABTYPE  CLUSTERID
------------------------------ ------- ----------
CRSSECTION                     TABLE
DEPARTMENT                     TABLE
FACULTY                        TABLE
LOCATION                       TABLE
MAJOR                          TABLE
REGISTRATION                   TABLE
ROOM                           TABLE
STUD                           TABLE
STUDENT                        TABLE
TERM                           TABLE

10 rows selected.

SQL> drop table department cascade constraints;

Table dropped.

SQL> drop table major cascade constraints;

Table dropped.

SQL> drop table location cascade constraints;

Table dropped.

SQL> drop table room cascade constraints;

Table dropped.

SQL> drop table stud cascade constraints;

Table dropped.

SQL> drop table student cascade constraints;

Table dropped.

SQL> select * from tab;

TNAME                          TABTYPE  CLUSTERID
------------------------------ ------- ----------
CRSSECTION                     TABLE
FACULTY                        TABLE
REGISTRATION                   TABLE
TERM                           TABLE

SQL> drop table course registration constraints;
drop table course registration constraints
                  *
ERROR at line 1:
ORA-00933: SQL command not properly ended


SQL> drop table registration cascade constraints;

Table dropped.

SQL> drop table faculty cascade constraints;

Table dropped.

SQL> drop table term cascade constraints;

Table dropped.

SQL> drop table crssection cascade constraints;

Table dropped.

SQL> select * from tab;

no rows selected

SQL> @C:\Users\KIIT\Downloads\Colz.sql;

Table created.


Table created.


Table created.


Table created.


Table created.


Table created.


Table created.


Table created.


Table created.


Table created.


Table altered.


Table altered.


Table altered.


Table altered.


Table altered.


Table altered.


Table altered.


Table altered.


Table altered.


Table altered.


Table altered.


Table altered.


1 row created.


1 row created.


1 row created.


1 row created.


1 row created.


1 row created.


1 row created.


1 row created.


1 row created.


1 row created.


1 row created.


1 row created.


1 row created.


1 row created.


1 row created.


1 row created.


1 row created.


1 row created.


1 row created.


1 row created.


1 row created.


1 row created.


1 row created.


1 row created.


1 row created.


1 row created.


1 row created.


1 row created.


1 row created.


1 row created.


1 row created.


1 row created.


1 row created.


1 row created.


1 row created.


1 row created.


1 row created.


1 row created.


1 row created.


1 row created.


1 row created.


1 row created.


1 row created.


1 row created.


1 row created.


1 row created.


1 row created.


1 row created.


1 row created.


1 row created.


1 row created.


1 row created.


1 row created.


1 row created.


1 row created.


1 row created.


1 row created.


1 row created.


1 row created.


1 row created.


1 row created.


1 row created.


1 row created.


1 row created.


1 row created.


1 row created.


1 row created.


1 row created.


1 row created.


1 row created.


1 row created.


1 row created.


1 row created.


1 row created.


1 row created.


1 row created.


1 row created.


1 row created.


Table altered.


Table altered.

SQL> select * from tab;

TNAME                          TABTYPE  CLUSTERID
------------------------------ ------- ----------
COURSE                         TABLE
CRSSECTION                     TABLE
DEPARTMENT                     TABLE
FACULTY                        TABLE
LOCATION                       TABLE
MAJOR                          TABLE
REGISTRATION                   TABLE
ROOM                           TABLE
STUDENT                        TABLE
TERM                           TABLE

10 rows selected.

SQL> describe location;
 Name                                      Null?    Type
 ----------------------------------------- -------- ----------------------------
 ROOMID                                    NOT NULL NUMBER(2)
 BUILDING                                  NOT NULL VARCHAR2(7)
 ROOMNO                                    NOT NULL CHAR(3)
 CAPACITY                                           NUMBER(2)
 ROOMTYPE                                           CHAR(1)

SQL> select distinct building from location;

BUILDIN
-------
Gandhi
Kennedy
Nehru

SQL> describe course;
 Name                                      Null?    Type
 ----------------------------------------- -------- ----------------------------
 COURSEID                                  NOT NULL VARCHAR2(6)
 TITLE                                              VARCHAR2(20)
 CREDITS                                            NUMBER(1)
 PREREQ                                             VARCHAR2(6)

SQL> select * from course;

COURSE TITLE                   CREDITS PREREQ
------ -------------------- ---------- ------
EN100  Basic English                 0
LA123  English Literature            3 EN100
CIS253 Database Systems              3
CIS265 Systems Analysis              3 CIS253
MA150  College Algebra               3
AC101  Accounting                    3

6 rows selected.

SQL> select * from term;

TERM TERMDESC    STARTDATE ENDDATE
---- ----------- --------- ---------
SP02 Spring 2002 28-APR-02 16-AUG-02
FL02 Fall 2002   08-SEP-02 20-DEC-02
WN03 Winter 2003 05-JAN-03 18-APR-03
SP03 Spring 2003 27-APR-03 15-AUG-03
FL03 Fall 2003   07-SEP-03 19-DEC-03

SQL> select all termdesc(Winter 2003) from term;
select all termdesc(Winter 2003) from term
                           *
ERROR at line 1:
ORA-00907: missing right parenthesis


SQL> select termdesc(Winter 2003) from term;
select termdesc(Winter 2003) from term
                       *
ERROR at line 1:
ORA-00907: missing right parenthesis


SQL> select termdesc(Winter) from term;
select termdesc(Winter) from term
       *
ERROR at line 1:
ORA-00904: "TERMDESC": invalid identifier


SQL> select * from crssection;

      CSID COURSE SE TERM  FACULTYID DA START ENDTI     ROOMID   MAXCOUNT
---------- ------ -- ---- ---------- -- ----- ----- ---------- ----------
      1101 CIS265 01 WN03        111 MW 09:00 10:30         13         30
      1102 CIS253 01 WN03        123 TR 09:00 10:30         18         40
      1103 MA150  02 WN03        444 F  09:00 12:00         15         25
      1104 AC101  10 WN03        345 MW 10:30 12:00         16         35
      1205 CIS265 01 SP03            MW 09:00 10:30         14         35
      1206 CIS265 02 SP03        111 TR 09:00 10:30         18         30
      1207 LA123  05 SP03            MW 09:00 10:30         15         30
      1208 CIS253 21 SP03        123 TR 09:00 10:30         14         40
      1209 CIS253 11 SP03        111 MW 09:00 10:30         18         40
      1210 CIS253 31 SP03        123 F  TBA   TBA           19          2

10 rows selected.

SQL> select TERM(WN03) from crssection;
select TERM(WN03) from crssection
       *
ERROR at line 1:
ORA-00904: "TERM": invalid identifier


SQL> select  courseid from crssection where termid='WN03';

COURSE
------
CIS265
CIS253
MA150
AC101

SQL> describe faculty;
 Name                                      Null?    Type
 ----------------------------------------- -------- ----------------------------
 FACULTYID                                 NOT NULL NUMBER(3)
 NAME                                      NOT NULL VARCHAR2(15)
 ROOMID                                             NUMBER(2)
 PHONE                                              CHAR(3)
 DEPTID                                             NUMBER(1)

SQL> select deptid from faculty where deptid=1;

    DEPTID
----------
         1
         1

SQL> select name from faculty where deptid=1;

NAME
---------------
Jones
Mobley

SQL> select from faculty
  2  where deptid in (1,2);
select from faculty
       *
ERROR at line 1:
ORA-00936: missing expression


SQL> select * from faculty
  2  where deptid in (1,2);

 FACULTYID NAME                ROOMID PHO     DEPTID
---------- --------------- ---------- --- ----------
       111 Jones                   11 525          1
       222 Williams                20 533          2
       123 Mobley                  11 529          1
       235 Vajpayee                12 577          2

SQL> describe student;
 Name                                      Null?    Type
 ----------------------------------------- -------- ----------------------------
 STUDENTID                                 NOT NULL CHAR(5)
 LAST                                      NOT NULL VARCHAR2(15)
 FIRST                                     NOT NULL VARCHAR2(15)
 STREET                                             VARCHAR2(25)
 CITY                                               VARCHAR2(15)
 STATE                                              CHAR(2)
 ZIP                                                CHAR(5)
 STARTTERM                                          CHAR(4)
 BIRTHDATE                                          DATE
 FACULTYID                                          NUMBER(3)
 MAJORID                                            NUMBER(3)
 PHONE                                              CHAR(10)

SQL> select * from student
  2  where state in ('NJ','NY');

STUDE LAST            FIRST           STREET                    CITY
----- --------------- --------------- ------------------------- ---------------
ST ZIP   STAR BIRTHDATE  FACULTYID    MAJORID PHONE
-- ----- ---- --------- ---------- ---------- ----------
00100 Diaz            Jose            1 Ford Avenue #7          Hill
NJ 08863 WN03 12-FEB-83        123        100 9735551111

00101 Tyler           Mickey          12 Morris Avenue          Bronx
NY 10468 SP03 18-MAR-84        555        500 7185552222

00102 Patel           Rajesh          25 River Road #3          Edison
NJ 08837 WN03 12-DEC-85        111        400 7325553333


STUDE LAST            FIRST           STREET                    CITY
----- --------------- --------------- ------------------------- ---------------
ST ZIP   STAR BIRTHDATE  FACULTYID    MAJORID PHONE
-- ----- ---- --------- ---------- ---------- ----------
00103 Rickles         Deborah         100 Main Street           Iselin
NJ 08838 FL02 20-OCT-70        555        500 7325554444

00104 Lee             Brian           2845 First Lane           Hope
NY 11373 WN03 28-NOV-85        345        600 2125555555

00105 Khan            Amir            213 Broadway              Clifton
NJ 07222 WN03 07-JUL-84        222        200 2015556666


6 rows selected.

SQL> describe faculty;
 Name                                      Null?    Type
 ----------------------------------------- -------- ----------------------------
 FACULTYID                                 NOT NULL NUMBER(3)
 NAME                                      NOT NULL VARCHAR2(15)
 ROOMID                                             NUMBER(2)
 PHONE                                              CHAR(3)
 DEPTID                                             NUMBER(1)

SQL> delete from faculty
  2  where deptid=3;
delete from faculty
*
ERROR at line 1:
ORA-02292: integrity constraint (CSCE2029046.STUDENT_FACULTYID_FK1) violated -
child record found


SQL> describe crssection;
 Name                                      Null?    Type
 ----------------------------------------- -------- ----------------------------
 CSID                                      NOT NULL NUMBER(4)
 COURSEID                                  NOT NULL VARCHAR2(6)
 SECTION                                   NOT NULL CHAR(2)
 TERMID                                    NOT NULL CHAR(4)
 FACULTYID                                          NUMBER(3)
 DAY                                                VARCHAR2(2)
 STARTTIME                                          VARCHAR2(5)
 ENDTIME                                            VARCHAR2(5)
 ROOMID                                             NUMBER(2)
 MAXCOUNT                                           NUMBER(2)

SQL> select * from crssection by maxcount desc;
select * from crssection by maxcount desc
                         *
ERROR at line 1:
ORA-00933: SQL command not properly ended


SQL> select * from crssection order by maxcount desc;

      CSID COURSE SE TERM  FACULTYID DA START ENDTI     ROOMID   MAXCOUNT
---------- ------ -- ---- ---------- -- ----- ----- ---------- ----------
      1209 CIS253 11 SP03        111 MW 09:00 10:30         18         40
      1102 CIS253 01 WN03        123 TR 09:00 10:30         18         40
      1208 CIS253 21 SP03        123 TR 09:00 10:30         14         40
      1104 AC101  10 WN03        345 MW 10:30 12:00         16         35
      1205 CIS265 01 SP03            MW 09:00 10:30         14         35
      1206 CIS265 02 SP03        111 TR 09:00 10:30         18         30
      1207 LA123  05 SP03            MW 09:00 10:30         15         30
      1101 CIS265 01 WN03        111 MW 09:00 10:30         13         30
      1103 MA150  02 WN03        444 F  09:00 12:00         15         25
      1210 CIS253 31 SP03        123 F  TBA   TBA           19          2

10 rows selected.

SQL> insert into term values('SP04', 'Spring 2004', '08-SEP-04', '20-DEC-04');

1 row created.

SQL> select from course
  2  where PreReq in (NULL);
select from course
       *
ERROR at line 1:
ORA-00936: missing expression


SQL> select * from course
  2  where PreReq in (NULL);

no rows selected

SQL> select * from course
  2  where PreReq is (NULL);
where PreReq is (NULL)
                *
ERROR at line 2:
ORA-00908: missing NULL keyword


SQL> select * from course
  2  where prereq is NULL;

COURSE TITLE                   CREDITS PREREQ
------ -------------------- ---------- ------
EN100  Basic English                 0
CIS253 Database Systems              3
MA150  College Algebra               3
AC101  Accounting                    3

SQL> select *from student order by deptid desc,name asc;
select *from student order by deptid desc,name asc
                                          *
ERROR at line 1:
ORA-00904: "NAME": invalid identifier


SQL> select * from student order by deptid desc,name asc;
select * from student order by deptid desc,name asc
                                           *
ERROR at line 1:
ORA-00904: "NAME": invalid identifier


SQL> select name,deptid from student order by deptid desc,Name asc;
select name,deptid from student order by deptid desc,Name asc
            *
ERROR at line 1:
ORA-00904: "DEPTID": invalid identifier


SQL> select name, deptid from faculty order by deptid desc,Name asc;

NAME                DEPTID
--------------- ----------
Chang                    5
Rivera                   4
Collins                  3
Sen                      3
Vajpayee                 2
Williams                 2
Jones                    1
Mobley                   1

8 rows selected.

SQL> select * from faculty
  2  NAME LIKE %C;
NAME LIKE %C
     *
ERROR at line 2:
ORA-00933: SQL command not properly ended


SQL> select * from faculty
  2  Name LIKE 'C%'
  3
SQL> select * from faculty
  2  NAME LIKE %C;
NAME LIKE %C
     *
ERROR at line 2:
ORA-00933: SQL command not properly ended


SQL> select name from faculty where name like '%C';

no rows selected

SQL> select StartTerm from Student where StartTerm is 'WN03';
select StartTerm from Student where StartTerm is 'WN03'
                                                 *
ERROR at line 1:
ORA-00908: missing NULL keyword


SQL> select StartTerm from Student where StartTerm is ('WN03');
select StartTerm from Student where StartTerm is ('WN03')
                                                 *
ERROR at line 1:
ORA-00908: missing NULL keyword


SQL> select StartTerm from student where StartTerm like '%03';

STAR
----
WN03
SP03
WN03
WN03
WN03

SQL> select count(*) from room;

  COUNT(*)
----------
         3

SQL>