
SQL*Plus: Release 11.2.0.2.0 Production on Fri Aug 5 12:37:55 2022

Copyright (c) 1982, 2014, Oracle.  All rights reserved.

SQL> CONNECT CSCE2029046/aman;
Connected.
SQL> create table student(StudentID CHAR(5) primary key,Last VARCHAR(15),First VARCHAR(15),Street VARCHAR(15),State VARCHAR(2) Default'NJ', Zip VARCHAR(5), StartTerm char(4), BirthDay Date, FacultyID NUMBER(3), MajorID NUMBER(3), Phone CHAR(10));

Table created.

SQL> create table FACULTY(FacultyID NUMBER(3) primary key, Name VARCHAR(15), RoomID NUMBER(2), Phone CHAR(3) unique, DeptID NUMBER(1));

Table created.

SQL> create table crssection(CsID NUMBER(4) primary key, CourseID VARCHAR(26), Section CHAR(2), TermID CHAR(4), FacultyID NUMBER(3), Day VARCHAR(2), StartTime VARCHAR(5), EndTime VARCHAR(5), RoomID NUMBER(2), MaxCount NUMBER(2) check(MaxCount>0));

Table created.

SQL> create table Course(CourseID VARCHAR(6) primary key, Title VARCHAR(20) unique, Credits NUMBER(1) check(Credits>=0 AND Credits<=4), PreReq VARCHAR(6));

Table created.

SQL> create table Registration(StudentID CHAR(5), CsID NUMBER(4), Midterm CHAR CHECK(Midterm IN('A','B','C','D','F','W')), Final CHAR CHECK(Final IN('A','B','C','D','F','W')), RegStatus CHAR CHECK(RegStatus IN('X','R','W')) primary key(StudentID and CsID));
create table Registration(StudentID CHAR(5), CsID NUMBER(4), Midterm CHAR CHECK(Midterm IN('A','B','C','D','F','W')), Final CHAR CHECK(Final IN('A','B','C','D','F','W')), RegStatus CHAR CHECK(RegStatus IN('X','R','W')) primary key(StudentID and CsID))
                                                                                                                                                                                                                                      *
ERROR at line 1:
ORA-00907: missing right parenthesis


SQL>  create table Registration(StudentID CHAR(5), CsID NUMBER(4), Midterm CHAR CHECK(Midterm IN('A','B','C','D','F','W')), Final CHAR CHECK(Final IN('A','B','C','D','F','W')), RegStatus CHAR CHECK(RegStatus IN('X','R','W')), primary key(StudentID,CsID));

Table created.

SQL> create table Room(RoomType CHAR primary key,RoomDesc VARCHAR(9));

Table created.

SQL> create table Location(RoomID NUMBER(2) primary key, Building VARCHAR(7), RoomNo CHAR(3) unique, Capacity NUMBER(2) CHECK(Capacity>0), RoomType (CHAR);
create table Location(RoomID NUMBER(2) primary key, Building VARCHAR(7), RoomNo CHAR(3) unique, Capacity NUMBER(2) CHECK(Capacity>0), RoomType (CHAR)
                                                                                                                                               *
ERROR at line 1:
ORA-00902: invalid datatype


SQL> create table Location(RoomID NUMBER(2) primary key, Building VARCHAR(7), RoomNo CHAR(3) unique, Capacity NUMBER(2) CHECK(Capacity>0), RoomType CHAR);

Table created.

SQL> create table Term(TermID CHAR(4) primary key, TermDesc VARCHAR(11), StartDate date, EndDate date);

Table created.

SQL> create table Department(DeptID NUMBER(1) primary key, DeptName VARCHAR(20), FacultyID NUMBER(3));

Table created.

SQL> create table Major(MajorID NUMBER(3) primary key, MajorDesc VARCHAR(25));

Table created.

SQL> select *from tab;

TNAME                          TABTYPE  CLUSTERID
------------------------------ ------- ----------
COURSE                         TABLE
CRSSECTION                     TABLE
DEPARTMENT                     TABLE
FACULTY                        TABLE
LOCATION                       TABLE
MAJOR                          TABLE
REGISTRATION                   TABLE
ROOM                           TABLE
STUD                           TABLE
STUDENT                        TABLE
TERM                           TABLE

11 rows selected.

SQL> alter table student
  2  ADD FOREIGN KEY(StartTerm)
  3  REFERENCES Term(TermID);

Table altered.

SQL> alter table student
  2  ADD FOREIGN KEY(FacultyID)
  3  REFERENCES Faculty(FacultyID);

Table altered.

SQL> alter table student
  2  ADD FOREIGN KEY(MajorID)
  3  REFERENCES Major(MajorID);

Table altered.

SQL> alter table FACULTY
  2  ADD FOREIGN KEY(RoomID)
  3  REFERENCES Location(RoomID);

Table altered.

SQL>

SQL*Plus: Release 11.2.0.2.0 Production on Sat Aug 6 11:58:03 2022

Copyright (c) 1982, 2014, Oracle.  All rights reserved.

SQL> CSCE2029046/aman;
SP2-0734: unknown command beginning "CSCE202904..." - rest of line ignored.
SQL> CONNECT CSCE2029046/aman;
Connected.
SQL> select *from tab;

TNAME                          TABTYPE  CLUSTERID
------------------------------ ------- ----------
COURSE                         TABLE
CRSSECTION                     TABLE
DEPARTMENT                     TABLE
FACULTY                        TABLE
LOCATION                       TABLE
MAJOR                          TABLE
REGISTRATION                   TABLE
ROOM                           TABLE
STUD                           TABLE
STUDENT                        TABLE
TERM                           TABLE

11 rows selected.

SQL> alter table FACULTY
  2  ADD FOREIGN KEY(DeptID)
  3  REFERENCES Department(DeptID);

Table altered.

SQL> alter table CRSSECTION
  2  ADD FOREIGN KEY(CourseID)
  3  REFERENCES CRSSECTION(CourseID);
REFERENCES CRSSECTION(CourseID)
                      *
ERROR at line 3:
ORA-02270: no matching unique or primary key for this column-list


SQL> select* from CRSSECTION;

SQL*Plus: Release 11.2.0.2.0 Production on Thu Aug 11 15:50:42 2022

Copyright (c) 1982, 2014, Oracle.  All rights reserved.

SQL> select * from tab;
SP2-0640: Not connected
SQL> CONNECT CSCE2029046/aman;
Connected.
SQL> select * from tab;

TNAME                          TABTYPE  CLUSTERID
------------------------------ ------- ----------
COURSE                         TABLE
CRSSECTION                     TABLE
DEPARTMENT                     TABLE
FACULTY                        TABLE
LOCATION                       TABLE
MAJOR                          TABLE
REGISTRATION                   TABLE
ROOM                           TABLE
STUD                           TABLE
STUDENT                        TABLE
TERM                           TABLE

11 rows selected.

SQL> describe Location;
 Name                                      Null?    Type
 ----------------------------------------- -------- ----------------------------
 ROOMID                                    NOT NULL NUMBER(2)
 BUILDING                                  NOT NULL VARCHAR2(7)
 ROOMNO                                    NOT NULL CHAR(3)
 CAPACITY                                           NUMBER(2)
 ROOMTYPE                                           CHAR(1)

SQL> insert into location values(&roomid, '&building', '&roomno', &capacity, '&roomtype');
Enter value for roomid: 11
Enter value for building: Gandhi
Enter value for roomno: 101
Enter value for capacity: 2
Enter value for roomtype: O
old   1: insert into location values(&roomid, '&building', '&roomno', &capacity, '&roomtype')
new   1: insert into location values(11, 'Gandhi', '101', 2, 'O')

1 row created.

SQL> insert into location values(&roomid, '&building', '&roomno', &capacity, '&roomtype');
Enter value for roomid: 12
Enter value for building: Gandhi
Enter value for roomno: 103
Enter value for capacity: 2
Enter value for roomtype: O
old   1: insert into location values(&roomid, '&building', '&roomno', &capacity, '&roomtype')
new   1: insert into location values(12, 'Gandhi', '103', 2, 'O')

1 row created.

SQL> insert into location values(&roomid, '&building', '&roomno', &capacity, '&roomtype');
Enter value for roomid: 13
Enter value for building: Kennedy
Enter value for roomno: 202
Enter value for capacity: 35
Enter value for roomtype: L
old   1: insert into location values(&roomid, '&building', '&roomno', &capacity, '&roomtype')
new   1: insert into location values(13, 'Kennedy', '202', 35, 'L')

1 row created.

SQL> insert into location values(&roomid, '&building', '&roomno', &capacity, '&roomtype');
Enter value for roomid: 14
Enter value for building: Kennedy
Enter value for roomno: 204
Enter value for capacity: 50
Enter value for roomtype: L
old   1: insert into location values(&roomid, '&building', '&roomno', &capacity, '&roomtype')
new   1: insert into location values(14, 'Kennedy', '204', 50, 'L')

1 row created.

SQL> insert into location values(&roomid, '&building', '&roomno', &capacity, '&roomtype');
Enter value for roomid: 15
Enter value for building: Nehru
Enter value for roomno: 301
Enter value for capacity: 50
Enter value for roomtype: C
old   1: insert into location values(&roomid, '&building', '&roomno', &capacity, '&roomtype')
new   1: insert into location values(15, 'Nehru', '301', 50, 'C')

1 row created.

SQL> insert into location values(&roomid, '&building', '&roomno', &capacity, '&roomtype');
Enter value for roomid: 16
Enter value for building: Nehru
Enter value for roomno: 309
Enter value for capacity: 45
Enter value for roomtype: C
old   1: insert into location values(&roomid, '&building', '&roomno', &capacity, '&roomtype')
new   1: insert into location values(16, 'Nehru', '309', 45, 'C')

1 row created.

SQL> insert into location values(&roomid, '&building', '&roomno', &capacity, '&roomtype');
Enter value for roomid: 17
Enter value for building: Gandhi
Enter value for roomno: 105
Enter value for capacity: 2
Enter value for roomtype: O
old   1: insert into location values(&roomid, '&building', '&roomno', &capacity, '&roomtype')
new   1: insert into location values(17, 'Gandhi', '105', 2, 'O')

1 row created.

SQL> insert into location values(&roomid, '&building', '&roomno', &capacity, '&roomtype');
Enter value for roomid: 18
Enter value for building: Kennedy
Enter value for roomno: 206
Enter value for capacity: 40
Enter value for roomtype: L
old   1: insert into location values(&roomid, '&building', '&roomno', &capacity, '&roomtype')
new   1: insert into location values(18, 'Kennedy', '206', 40, 'L')

1 row created.

SQL> insert into location values(&roomid, '&building', '&roomno', &capacity, '&roomtype');
Enter value for roomid: 19
Enter value for building: Kennedy
Enter value for roomno: 210
Enter value for capacity: 30
Enter value for roomtype: L
old   1: insert into location values(&roomid, '&building', '&roomno', &capacity, '&roomtype')
new   1: insert into location values(19, 'Kennedy', '210', 30, 'L')

1 row created.

SQL> insert into location values(&roomid, '&building', '&roomno', &capacity, '&roomtype');
Enter value for roomid: 20
Enter value for building: Gandhi
Enter value for roomno: 107
Enter value for capacity: 2
Enter value for roomtype: O
old   1: insert into location values(&roomid, '&building', '&roomno', &capacity, '&roomtype')
new   1: insert into location values(20, 'Gandhi', '107', 2, 'O')

1 row created.

SQL> insert into location values(&roomid, '&building', '&roomno', &capacity, '&roomtype');
Enter value for roomid: 21
Enter value for building: Gandhi
Enter value for roomno: 109
Enter value for capacity: 2
Enter value for roomtype: O
old   1: insert into location values(&roomid, '&building', '&roomno', &capacity, '&roomtype')
new   1: insert into location values(21, 'Gandhi', '109', 2, 'O')

1 row created.

SQL> describe faculty;
 Name                                      Null?    Type
 ----------------------------------------- -------- ----------------------------
 FACULTYID                                 NOT NULL NUMBER(3)
 NAME                                      NOT NULL VARCHAR2(15)
 ROOMID                                             NUMBER(2)
 PHONE                                              CHAR(3)
 DEPTID                                             NUMBER(1)

SQL> insert into faculty values(&facultyid, '&name', &roomid,'&phone');
Enter value for facultyid: 111
Enter value for name: jones
Enter value for roomid: 11
Enter value for phone: 525
old   1: insert into faculty values(&facultyid, '&name', &roomid,'&phone')
new   1: insert into faculty values(111, 'jones', 11,'525')
insert into faculty values(111, 'jones', 11,'525')
            *
ERROR at line 1:
ORA-00947: not enough values


SQL> insert into faculty values(&facultyid, '&name', &roomid,'&phone');
Enter value for facultyid: 111
Enter value for name: jones
Enter value for roomid: 11
Enter value for phone: 525
old   1: insert into faculty values(&facultyid, '&name', &roomid,'&phone')
new   1: insert into faculty values(111, 'jones', 11,'525')
insert into faculty values(111, 'jones', 11,'525')
            *
ERROR at line 1:
ORA-00947: not enough values


SQL> insert into faculty values(&facultyid, '&name', &roomid,'&phone',&deptid);
Enter value for facultyid: 111
Enter value for name: jones
Enter value for roomid: 11
Enter value for phone: 525
Enter value for deptid:
old   1: insert into faculty values(&facultyid, '&name', &roomid,'&phone',&deptid)
new   1: insert into faculty values(111, 'jones', 11,'525',)
insert into faculty values(111, 'jones', 11,'525',)
                                                  *
ERROR at line 1:
ORA-00936: missing expression


SQL> insert into faculty(facultyid,name,roomid,phone) values(&facultyid, '&name', &roomid,'&phone');
Enter value for facultyid: 111
Enter value for name: jones
Enter value for roomid: 11
Enter value for phone: 525
old   1: insert into faculty(facultyid,name,roomid,phone) values(&facultyid, '&name', &roomid,'&phone')
new   1: insert into faculty(facultyid,name,roomid,phone) values(111, 'jones', 11,'525')

1 row created.

SQL> insert into faculty(facultyid,name,roomid,phone) values(&facultyid, '&name', &roomid,'&phone');
Enter value for facultyid: 222
Enter value for name: williams
Enter value for roomid: 20
Enter value for phone: 533
old   1: insert into faculty(facultyid,name,roomid,phone) values(&facultyid, '&name', &roomid,'&phone')
new   1: insert into faculty(facultyid,name,roomid,phone) values(222, 'williams', 20,'533')

1 row created.

SQL> insert into faculty(facultyid,name,roomid,phone) values(&facultyid, '&name', &roomid,'&phone');
Enter value for facultyid: 123
Enter value for name: mobley
Enter value for roomid: 11
Enter value for phone: 529
old   1: insert into faculty(facultyid,name,roomid,phone) values(&facultyid, '&name', &roomid,'&phone')
new   1: insert into faculty(facultyid,name,roomid,phone) values(123, 'mobley', 11,'529')

1 row created.

SQL> insert into faculty(facultyid,name,roomid,phone) values(&facultyid, '&name', &roomid,'&phone');
Enter value for facultyid: 235
Enter value for name: vajpayee
Enter value for roomid: 12
Enter value for phone: 577
old   1: insert into faculty(facultyid,name,roomid,phone) values(&facultyid, '&name', &roomid,'&phone')
new   1: insert into faculty(facultyid,name,roomid,phone) values(235, 'vajpayee', 12,'577')

1 row created.

SQL> insert into faculty(facultyid,name,roomid,phone) values(&facultyid, '&name', &roomid,'&phone');
Enter value for facultyid: 345
Enter value for name: sen
Enter value for roomid: 12
Enter value for phone: 579
old   1: insert into faculty(facultyid,name,roomid,phone) values(&facultyid, '&name', &roomid,'&phone')
new   1: insert into faculty(facultyid,name,roomid,phone) values(345, 'sen', 12,'579')

1 row created.

SQL> insert into faculty(facultyid,name,roomid,phone) values(&facultyid, '&name', &roomid,'&phone');
Enter value for facultyid: 444
Enter value for name: rivera
Enter value for roomid: 21
Enter value for phone: 544
old   1: insert into faculty(facultyid,name,roomid,phone) values(&facultyid, '&name', &roomid,'&phone')
new   1: insert into faculty(facultyid,name,roomid,phone) values(444, 'rivera', 21,'544')

1 row created.

SQL> insert into faculty(facultyid,name,roomid,phone) values(&facultyid, '&name', &roomid,'&phone');
Enter value for facultyid: 555
Enter value for name: chang
Enter value for roomid: 17
Enter value for phone: 587
old   1: insert into faculty(facultyid,name,roomid,phone) values(&facultyid, '&name', &roomid,'&phone')
new   1: insert into faculty(facultyid,name,roomid,phone) values(555, 'chang', 17,'587')

1 row created.

SQL> insert into faculty(facultyid,name,roomid,phone) values(&facultyid, '&name', &roomid,'&phone');
Enter value for facultyid: 333
Enter value for name: collins
Enter value for roomid: 17
Enter value for phone: 599
old   1: insert into faculty(facultyid,name,roomid,phone) values(&facultyid, '&name', &roomid,'&phone')
new   1: insert into faculty(facultyid,name,roomid,phone) values(333, 'collins', 17,'599')

1 row created.

SQL> describe department;
 Name                                      Null?    Type
 ----------------------------------------- -------- ----------------------------
 DEPTID                                    NOT NULL NUMBER(1)
 DEPTNAME                                           VARCHAR2(20)
 FACULTYID                                          NUMBER(3)

SQL> insert into department values(&deptid,
  2
SQL> insert into department values(&deptid, '&deptname', &facultyid);
Enter value for deptid: 1
Enter value for deptname: Computer Science
Enter value for facultyid: 111
old   1: insert into department values(&deptid, '&deptname', &facultyid)
new   1: insert into department values(1, 'Computer Science', 111)

1 row created.

SQL> insert into department values(&deptid, '&deptname', &facultyid);
Enter value for deptid: 2
Enter value for deptname: Telecommunications
Enter value for facultyid: 222
old   1: insert into department values(&deptid, '&deptname', &facultyid)
new   1: insert into department values(2, 'Telecommunications', 222)

1 row created.

SQL> insert into department values(&deptid, '&deptname', &facultyid);
Enter value for deptid: 3
Enter value for deptname: accounting
Enter value for facultyid: 333
old   1: insert into department values(&deptid, '&deptname', &facultyid)
new   1: insert into department values(3, 'accounting', 333)

1 row created.

SQL> insert into department values(&deptid, '&deptname', &facultyid);
Enter value for deptid: 4
Enter value for deptname: Math and Science
Enter value for facultyid: 444
old   1: insert into department values(&deptid, '&deptname', &facultyid)
new   1: insert into department values(4, 'Math and Science', 444)

1 row created.

SQL> insert into department values(&deptid, '&deptname', &facultyid);
Enter value for deptid: 5
Enter value for deptname: Liberal Arts
Enter value for facultyid: 555
old   1: insert into department values(&deptid, '&deptname', &facultyid)
new   1: insert into department values(5, 'Liberal Arts', 555)

1 row created.

SQL>  insert into faculty(deptid) values(&deptid);
Enter value for deptid: 1
old   1:  insert into faculty(deptid) values(&deptid)
new   1:  insert into faculty(deptid) values(1)
 insert into faculty(deptid) values(1)
*
ERROR at line 1:
ORA-01400: cannot insert NULL into ("CSCE2029046"."FACULTY"."FACULTYID")


SQL> update faculty set deptid=1 where facultyid=111;

1 row updated.

SQL> update faculty set deptid=2 where facultyid=222;

1 row updated.

SQL> update faculty set deptid=1 where facultyid=123;

1 row updated.

SQL> update faculty set deptid=2 where facultyid=235;

1 row updated.

SQL> update faculty set deptid=3 where facultyid=345;

1 row updated.

SQL> update faculty set deptid=4 where facultyid=444;

1 row updated.

SQL> update faculty set deptid=5 where facultyid=555;

1 row updated.

SQL> update faculty set deptid=3 where facultyid=333;

1 row updated.

SQL> describe student;
 Name                                      Null?    Type
 ----------------------------------------- -------- ----------------------------
 STUDENTID                                 NOT NULL CHAR(5)
 LAST                                      NOT NULL VARCHAR2(15)
 FIRST                                     NOT NULL VARCHAR2(15)
 STREET                                             VARCHAR2(15)
 STATE                                              VARCHAR2(2)
 ZIP                                                VARCHAR2(5)
 STARTTERM                                          CHAR(4)
 BIRTHDAY                                           DATE
 FACULTYID                                          NUMBER(3)
 MAJORID                                            NUMBER(3)
 PHONE                                              CHAR(10)

SQL> insert into student values('&studentid', '&last', '&first', '&street', '&state', '&zip', '&startterm', '&birthday', &facultyid, &majorid, '&phone');
Enter value for studentid: 00100
Enter value for last: diaz
Enter value for first: jose
Enter value for street: 1FordAvenue#7
Enter value for state: hill
Enter value for zip:
Enter value for startterm:
Enter value for birthday:
Enter value for facultyid:
Enter value for majorid:
Enter value for phone:
old   1: insert into student values('&studentid', '&last', '&first', '&street', '&state', '&zip', '&startterm', '&birthday', &facultyid, &majorid, '&phone')
new   1: insert into student values('00100', 'diaz', 'jose', '1FordAvenue#7', 'hill', '', '', '', , , '')
insert into student values('00100', 'diaz', 'jose', '1FordAvenue#7', 'hill', '', '', '', , , '')
                                                                                         *
ERROR at line 1:
ORA-00936: missing expression


SQL>  insert into student values('&studentid', '&last', '&first', '&street', '&state', '&zip', '&startterm', '&birthday', &facultyid, &majorid, '&phone');
Enter value for studentid: 00100
Enter value for last: diaz
Enter value for first: jose
Enter value for street: 1FordAvenue#7
Enter value for state: NJ
Enter value for zip: 08863
Enter value for startterm: WN03
Enter value for birthday: 02-dec-1983
Enter value for facultyid: 123
Enter value for majorid: 100
Enter value for phone: 9735551111
old   1:  insert into student values('&studentid', '&last', '&first', '&street', '&state', '&zip', '&startterm', '&birthday', &facultyid, &majorid, '&phone')
new   1:  insert into student values('00100', 'diaz', 'jose', '1FordAvenue#7', 'NJ', '08863', 'WN03', '02-dec-1983', 123, 100, '9735551111')

1 row created.

SQL>  insert into student values('&studentid', '&last', '&first', '&street', '&state', '&zip', '&startterm', '&birthday', &facultyid, &majorid, '&phone');
Enter value for studentid: 00101
Enter value for last: tyler
Enter value for first: mickey
Enter value for street: 12MorrisAvenue
Enter value for state: NY
Enter value for zip: 10468
Enter value for startterm: SP03
Enter value for birthday: 18-MAR-1984
Enter value for facultyid: 555
Enter value for majorid: 500
Enter value for phone: 7185552222
old   1:  insert into student values('&studentid', '&last', '&first', '&street', '&state', '&zip', '&startterm', '&birthday', &facultyid, &majorid, '&phone')
new   1:  insert into student values('00101', 'tyler', 'mickey', '12MorrisAvenue', 'NY', '10468', 'SP03', '18-MAR-1984', 555, 500, '7185552222')

1 row created.

SQL>  insert into student values('&studentid', '&last', '&first', '&street', '&state', '&zip', '&startterm', '&birthday', &facultyid, &majorid, '&phone');
Enter value for studentid: 00102
Enter value for last: Patel
Enter value for first: Rajesh
Enter value for street: 25RiverRoad#3
Enter value for state: NJ
Enter value for zip: WN03
Enter value for startterm: 12-DEC-1985
Enter value for birthday:
Enter value for facultyid:
Enter value for majorid:
Enter value for phone:
old   1:  insert into student values('&studentid', '&last', '&first', '&street', '&state', '&zip', '&startterm', '&birthday', &facultyid, &majorid, '&phone')
new   1:  insert into student values('00102', 'Patel', 'Rajesh', '25RiverRoad#3', 'NJ', 'WN03', '12-DEC-1985', '', , , '')
 insert into student values('00102', 'Patel', 'Rajesh', '25RiverRoad#3', 'NJ', 'WN03', '12-DEC-1985', '', , , '')
                                                                                                          *
ERROR at line 1:
ORA-00936: missing expression


SQL>  insert into student values('&studentid', '&last', '&first', '&street', '&state', '&zip', '&startterm', '&birthday', &facultyid, &majorid, '&phone');
Enter value for studentid: Patel
Enter value for last: Rajes
Enter value for first: h
Enter value for street:
Enter value for state:
Enter value for zip:
Enter value for startterm:
Enter value for birthday:
Enter value for facultyid:
Enter value for majorid:
Enter value for phone:
old   1:  insert into student values('&studentid', '&last', '&first', '&street', '&state', '&zip', '&startterm', '&birthday', &facultyid, &majorid, '&phone')
new   1:  insert into student values('Patel', 'Rajes', 'h', '', '', '', '', '', , , '')
 insert into student values('Patel', 'Rajes', 'h', '', '', '', '', '', , , '')
                                                                       *
ERROR at line 1:
ORA-00936: missing expression


SQL>  insert into student values('&studentid', '&last', '&first', '&street', '&state', '&zip', '&startterm', '&birthday', &facultyid, &majorid, '&phone');
Enter value for studentid: 00102
Enter value for last: Patel
Enter value for first: Rajes
Enter value for street: 25RiverRoad#3
Enter value for state: NJ
Enter value for zip: 08837
Enter value for startterm: WN03
Enter value for birthday: 12-DEC-1985
Enter value for facultyid: 111
Enter value for majorid: 400
Enter value for phone: 732555333
old   1:  insert into student values('&studentid', '&last', '&first', '&street', '&state', '&zip', '&startterm', '&birthday', &facultyid, &majorid, '&phone')
new   1:  insert into student values('00102', 'Patel', 'Rajes', '25RiverRoad#3', 'NJ', '08837', 'WN03', '12-DEC-1985', 111, 400, '732555333')

1 row created.

SQL>  insert into student values('&studentid', '&last', '&first', '&street', '&state', '&zip', '&startterm', '&birthday', &facultyid, &majorid, '&phone');
Enter value for studentid: 00103
Enter value for last: Rickless
Enter value for first: Deborah
Enter value for street: 100MainStreet
Enter value for state: NJ
Enter value for zip: 08838
Enter value for startterm: FL02
Enter value for birthday: 20-OCT-1970
Enter value for facultyid: 555
Enter value for majorid: 500
Enter value for phone: 732555444
old   1:  insert into student values('&studentid', '&last', '&first', '&street', '&state', '&zip', '&startterm', '&birthday', &facultyid, &majorid, '&phone')
new   1:  insert into student values('00103', 'Rickless', 'Deborah', '100MainStreet', 'NJ', '08838', 'FL02', '20-OCT-1970', 555, 500, '732555444')

1 row created.

SQL> insert into student values('&studentid', '&last', '&first', '&street', '&state', '&zip', '&startterm', '&birthday', &facultyid, &majorid, '&phone');
Enter value for studentid: 00104
Enter value for last: Lee
Enter value for first: Brian
Enter value for street: 2845FirstLane
Enter value for state: NY
Enter value for zip: 11373
Enter value for startterm: WN03
Enter value for birthday: 28-NOV-1985
Enter value for facultyid: 345
Enter value for majorid: 600
Enter value for phone: 2125555555
old   1: insert into student values('&studentid', '&last', '&first', '&street', '&state', '&zip', '&startterm', '&birthday', &facultyid, &majorid, '&phone')
new   1: insert into student values('00104', 'Lee', 'Brian', '2845FirstLane', 'NY', '11373', 'WN03', '28-NOV-1985', 345, 600, '2125555555')

1 row created.

SQL> insert into student values('&studentid', '&last', '&first', '&street', '&state', '&zip', '&startterm', '&birthday', &facultyid, &majorid, '&phone');
Enter value for studentid: Khan
Enter value for last:
Enter value for first:
Enter value for street:
Enter value for state:
Enter value for zip:
Enter value for startterm:
Enter value for birthday:
Enter value for facultyid:
Enter value for majorid:
Enter value for phone:
old   1: insert into student values('&studentid', '&last', '&first', '&street', '&state', '&zip', '&startterm', '&birthday', &facultyid, &majorid, '&phone')
new   1: insert into student values('Khan', '', '', '', '', '', '', '', , , '')
insert into student values('Khan', '', '', '', '', '', '', '', , , '')
                                                               *
ERROR at line 1:
ORA-00936: missing expression


SQL> insert into student values('&studentid', '&last', '&first', '&street', '&state', '&zip', '&startterm', '&birthday', &facultyid, &majorid, '&phone');
Enter value for studentid: 00105
Enter value for last: Khan
Enter value for first: Amir
Enter value for street: 213BroadWay
Enter value for state: NJ
Enter value for zip: 07222
Enter value for startterm: WN03
Enter value for birthday: 07-JUL-1984
Enter value for facultyid: 222
Enter value for majorid: 200
Enter value for phone: 2015556666
old   1: insert into student values('&studentid', '&last', '&first', '&street', '&state', '&zip', '&startterm', '&birthday', &facultyid, &majorid, '&phone')
new   1: insert into student values('00105', 'Khan', 'Amir', '213BroadWay', 'NJ', '07222', 'WN03', '07-JUL-1984', 222, 200, '2015556666')

1 row created.

SQL> describe crssection;
 Name                                      Null?    Type
 ----------------------------------------- -------- ----------------------------
 CSID                                      NOT NULL NUMBER(4)
 COURSEID                                  NOT NULL VARCHAR2(26)
 SECTION                                   NOT NULL CHAR(2)
 TERMID                                    NOT NULL CHAR(4)
 FACULTYID                                          NUMBER(3)
 DAY                                                VARCHAR2(2)
 STARTTIME                                          VARCHAR2(5)
 ENDTIME                                            VARCHAR2(5)
 ROOMID                                             NUMBER(2)
 MAXCOUNT                                           NUMBER(2)

SQL> insert into crssection values(&CSID, '&COURSEID', '&SECTION', '&TERMID', &FACULTYID, '&DAY', &STARTTIME', '&ENDTIME', &ROOMID, &MAXCOUNT);
Enter value for csid: 1101
Enter value for courseid: CIS265
Enter value for section: 01
Enter value for termid: WN03
Enter value for facultyid: 111
Enter value for day: MW
Enter value for starttime: 09:00
Enter value for endtime: 10:30
Enter value for roomid: 13
Enter value for maxcount: 30
old   1: insert into crssection values(&CSID, '&COURSEID', '&SECTION', '&TERMID', &FACULTYID, '&DAY', &STARTTIME', '&ENDTIME', &ROOMID, &MAXCOUNT)
new   1: insert into crssection values(1101, 'CIS265', '01', 'WN03', 111, 'MW', 09:00', '10:30', 13, 30)
ERROR:
ORA-01756: quoted string not properly terminated


SQL>  insert into crssection values(&CSID, '&COURSEID', '&SECTION', '&TERMID', &FACULTYID, '&DAY', '&STARTTIME', '&ENDTIME', &ROOMID, &MAXCOUNT);
Enter value for csid: 1101
Enter value for courseid: CIS265
Enter value for section: 01
Enter value for termid: WN03
Enter value for facultyid: 111
Enter value for day: MW
Enter value for starttime: 09:00
Enter value for endtime: 10:30
Enter value for roomid: 13
Enter value for maxcount: 30
old   1:  insert into crssection values(&CSID, '&COURSEID', '&SECTION', '&TERMID', &FACULTYID, '&DAY', '&STARTTIME', '&ENDTIME', &ROOMID, &MAXCOUNT)
new   1:  insert into crssection values(1101, 'CIS265', '01', 'WN03', 111, 'MW', '09:00', '10:30', 13, 30)

1 row created.

SQL>  insert into crssection values(&CSID, '&COURSEID', '&SECTION', '&TERMID', &FACULTYID, '&DAY', '&STARTTIME', '&ENDTIME', &ROOMID, &MAXCOUNT);
Enter value for csid: 1102
Enter value for courseid: CIS253
Enter value for section: 01
Enter value for termid: WN03
Enter value for facultyid: 123
Enter value for day: TR
Enter value for starttime: 09:00
Enter value for endtime: 10:30
Enter value for roomid: 18
Enter value for maxcount: 40
old   1:  insert into crssection values(&CSID, '&COURSEID', '&SECTION', '&TERMID', &FACULTYID, '&DAY', '&STARTTIME', '&ENDTIME', &ROOMID, &MAXCOUNT)
new   1:  insert into crssection values(1102, 'CIS253', '01', 'WN03', 123, 'TR', '09:00', '10:30', 18, 40)

1 row created.

SQL>  insert into crssection values(&CSID, '&COURSEID', '&SECTION', '&TERMID', &FACULTYID, '&DAY', '&STARTTIME', '&ENDTIME', &ROOMID, &MAXCOUNT);
Enter value for csid: 1103
Enter value for courseid: MA150
Enter value for section: 02
Enter value for termid: WN03
Enter value for facultyid: 444
Enter value for day: F
Enter value for starttime: 09:00
Enter value for endtime: 12:00
Enter value for roomid: 15
Enter value for maxcount: 25
old   1:  insert into crssection values(&CSID, '&COURSEID', '&SECTION', '&TERMID', &FACULTYID, '&DAY', '&STARTTIME', '&ENDTIME', &ROOMID, &MAXCOUNT)
new   1:  insert into crssection values(1103, 'MA150', '02', 'WN03', 444, 'F', '09:00', '12:00', 15, 25)

1 row created.

SQL>  insert into crssection values(&CSID, '&COURSEID', '&SECTION', '&TERMID', &FACULTYID, '&DAY', '&STARTTIME', '&ENDTIME', &ROOMID, &MAXCOUNT);
Enter value for csid: 1104
Enter value for courseid: AC101
Enter value for section: 10
Enter value for termid: WN03
Enter value for facultyid: 345
Enter value for day: MW
Enter value for starttime: 10:30
Enter value for endtime: 12:00
Enter value for roomid: 16
Enter value for maxcount: 35
old   1:  insert into crssection values(&CSID, '&COURSEID', '&SECTION', '&TERMID', &FACULTYID, '&DAY', '&STARTTIME', '&ENDTIME', &ROOMID, &MAXCOUNT)
new   1:  insert into crssection values(1104, 'AC101', '10', 'WN03', 345, 'MW', '10:30', '12:00', 16, 35)

1 row created.

SQL>  insert into crssection values(&CSID, '&COURSEID', '&SECTION', '&TERMID', &FACULTYID, '&DAY', '&STARTTIME', '&ENDTIME', &ROOMID, &MAXCOUNT);
Enter value for csid: 1205
Enter value for courseid: CIS265
Enter value for section: 01
Enter value for termid: SP03
Enter value for facultyid:
Enter value for day: MW
Enter value for starttime: 09:00
Enter value for endtime: 10:30
Enter value for roomid: 14
Enter value for maxcount: 35
old   1:  insert into crssection values(&CSID, '&COURSEID', '&SECTION', '&TERMID', &FACULTYID, '&DAY', '&STARTTIME', '&ENDTIME', &ROOMID, &MAXCOUNT)
new   1:  insert into crssection values(1205, 'CIS265', '01', 'SP03', , 'MW', '09:00', '10:30', 14, 35)
 insert into crssection values(1205, 'CIS265', '01', 'SP03', , 'MW', '09:00', '10:30', 14, 35)
                                                             *
ERROR at line 1:
ORA-00936: missing expression


SQL>  insert into crssection(CSID, COURSEID, SECTION, TERMID, DAY, STARTTIME, ENDTIME, ROOMID, MAXCOUNT) values(&CSID, '&COURSEID', '&SECTION', '&TERMID', '&DAY', '&STARTTIME', '&ENDTIME', &ROOMID, &MAXCOUNT);
Enter value for csid: 1205
Enter value for courseid: CIS265
Enter value for section: 01
Enter value for termid: SP03
Enter value for day: MW
Enter value for starttime: 09:00
Enter value for endtime: 10:30
Enter value for roomid: 14
Enter value for maxcount: 35
old   1:  insert into crssection(CSID, COURSEID, SECTION, TERMID, DAY, STARTTIME, ENDTIME, ROOMID, MAXCOUNT) values(&CSID, '&COURSEID', '&SECTION', '&TERMID', '&DAY', '&STARTTIME', '&ENDTIME', &ROOMID, &MAXCOUNT)
new   1:  insert into crssection(CSID, COURSEID, SECTION, TERMID, DAY, STARTTIME, ENDTIME, ROOMID, MAXCOUNT) values(1205, 'CIS265', '01', 'SP03', 'MW', '09:00', '10:30', 14, 35)

1 row created.

SQL> insert into crssection(CSID, COURSEID, SECTION, TERMID, DAY, STARTTIME, ENDTIME, ROOMID, MAXCOUNT) values(&CSID, '&COURSEID', '&SECTION', '&TERMID', '&DAY', '&STARTTIME', '&ENDTIME', &ROOMID, &MAXCOUNT);
Enter value for csid: 1206
Enter value for courseid: CIS265
Enter value for section: 02
Enter value for termid: SP03
Enter value for day: 111
Enter value for starttime: TR
Enter value for endtime: 09:00
Enter value for roomid: 10:30
Enter value for maxcount: 15
old   1: insert into crssection(CSID, COURSEID, SECTION, TERMID, DAY, STARTTIME, ENDTIME, ROOMID, MAXCOUNT) values(&CSID, '&COURSEID', '&SECTION', '&TERMID', '&DAY', '&STARTTIME', '&ENDTIME', &ROOMID, &MAXCOUNT)
new   1: insert into crssection(CSID, COURSEID, SECTION, TERMID, DAY, STARTTIME, ENDTIME, ROOMID, MAXCOUNT) values(1206, 'CIS265', '02', 'SP03', '111', 'TR', '09:00', 10:30, 15)
SP2-0552: Bind variable "30" not declared.
SQL>  insert into crssection values(&CSID, '&COURSEID', '&SECTION', '&TERMID', &FACULTYID, '&DAY', '&STARTTIME', '&ENDTIME', &ROOMID, &MAXCOUNT);
Enter value for csid: 1206
Enter value for courseid: CIS265
Enter value for section: 02
Enter value for termid: SP03
Enter value for facultyid: 111
Enter value for day: TR
Enter value for starttime: 09:00
Enter value for endtime: 10:30
Enter value for roomid: 18
Enter value for maxcount: 30
old   1:  insert into crssection values(&CSID, '&COURSEID', '&SECTION', '&TERMID', &FACULTYID, '&DAY', '&STARTTIME', '&ENDTIME', &ROOMID, &MAXCOUNT)
new   1:  insert into crssection values(1206, 'CIS265', '02', 'SP03', 111, 'TR', '09:00', '10:30', 18, 30)

1 row created.

SQL> insert into crssection(CSID, COURSEID, SECTION, TERMID, DAY, STARTTIME, ENDTIME, ROOMID, MAXCOUNT) values(&CSID, '&COURSEID', '&SECTION', '&TERMID', '&DAY', '&STARTTIME', '&ENDTIME', &ROOMID, &MAXCOUNT);
Enter value for csid: 1207
Enter value for courseid: LA123
Enter value for section: 05
Enter value for termid: SP03
Enter value for day: MW
Enter value for starttime: 09:00
Enter value for endtime: 10:30
Enter value for roomid: 15
Enter value for maxcount: 30
old   1: insert into crssection(CSID, COURSEID, SECTION, TERMID, DAY, STARTTIME, ENDTIME, ROOMID, MAXCOUNT) values(&CSID, '&COURSEID', '&SECTION', '&TERMID', '&DAY', '&STARTTIME', '&ENDTIME', &ROOMID, &MAXCOUNT)
new   1: insert into crssection(CSID, COURSEID, SECTION, TERMID, DAY, STARTTIME, ENDTIME, ROOMID, MAXCOUNT) values(1207, 'LA123', '05', 'SP03', 'MW', '09:00', '10:30', 15, 30)

1 row created.

SQL>  insert into crssection values(&CSID, '&COURSEID', '&SECTION', '&TERMID', &FACULTYID, '&DAY', '&STARTTIME', '&ENDTIME', &ROOMID, &MAXCOUNT);
Enter value for csid: 1208
Enter value for courseid: CIS253
Enter value for section: 21
Enter value for termid: SP03
Enter value for facultyid: 111
Enter value for day: MW
Enter value for starttime: 09:00
Enter value for endtime: 10:30
Enter value for roomid: 14
Enter value for maxcount: 40
old   1:  insert into crssection values(&CSID, '&COURSEID', '&SECTION', '&TERMID', &FACULTYID, '&DAY', '&STARTTIME', '&ENDTIME', &ROOMID, &MAXCOUNT)
new   1:  insert into crssection values(1208, 'CIS253', '21', 'SP03', 111, 'MW', '09:00', '10:30', 14, 40)

1 row created.

SQL>  insert into crssection values(&CSID, '&COURSEID', '&SECTION', '&TERMID', &FACULTYID, '&DAY', '&STARTTIME', '&ENDTIME', &ROOMID, &MAXCOUNT);
Enter value for csid: 1209
Enter value for courseid: CIS253
Enter value for section: 11
Enter value for termid: SP03
Enter value for facultyid: 111
Enter value for day: MW
Enter value for starttime: 09:00
Enter value for endtime: 10:30
Enter value for roomid: 18
Enter value for maxcount: 40
old   1:  insert into crssection values(&CSID, '&COURSEID', '&SECTION', '&TERMID', &FACULTYID, '&DAY', '&STARTTIME', '&ENDTIME', &ROOMID, &MAXCOUNT)
new   1:  insert into crssection values(1209, 'CIS253', '11', 'SP03', 111, 'MW', '09:00', '10:30', 18, 40)

1 row created.

SQL>  insert into crssection values(&CSID, '&COURSEID', '&SECTION', '&TERMID', &FACULTYID, '&DAY', '&STARTTIME', '&ENDTIME', &ROOMID, &MAXCOUNT);
Enter value for csid: 1210
Enter value for courseid: CIS253
Enter value for section: 31
Enter value for termid: SP03
Enter value for facultyid: 123
Enter value for day: F
Enter value for starttime: TBA
Enter value for endtime: TBA
Enter value for roomid: 19
Enter value for maxcount: 2
old   1:  insert into crssection values(&CSID, '&COURSEID', '&SECTION', '&TERMID', &FACULTYID, '&DAY', '&STARTTIME', '&ENDTIME', &ROOMID, &MAXCOUNT)
new   1:  insert into crssection values(1210, 'CIS253', '31', 'SP03', 123, 'F', 'TBA', 'TBA', 19, 2)

1 row created.

SQL> describe registration;
 Name                                      Null?    Type
 ----------------------------------------- -------- ----------------------------
 STUDENTID                                 NOT NULL CHAR(5)
 CSID                                      NOT NULL NUMBER(4)
 MIDTERM                                            CHAR(1)
 FINAL                                              CHAR(1)
 REGSTATUS                                          CHAR(1)

SQL> insert into registration values('&studentid', &csid, '&midterm', '&final', '&regstatus');
Enter value for studentid: 00100
Enter value for csid: 1103
Enter value for midterm: C
Enter value for final: F
Enter value for regstatus: R
old   1: insert into registration values('&studentid', &csid, '&midterm', '&final', '&regstatus')
new   1: insert into registration values('00100', 1103, 'C', 'F', 'R')

1 row created.

SQL> insert into registration values('&studentid', &csid, '&midterm', '&final', '&regstatus');
Enter value for studentid: 00100
Enter value for csid: 1102
Enter value for midterm: B
Enter value for final: B
Enter value for regstatus: R
old   1: insert into registration values('&studentid', &csid, '&midterm', '&final', '&regstatus')
new   1: insert into registration values('00100', 1102, 'B', 'B', 'R')

1 row created.

SQL> insert into registration values('&studentid', &csid, '&midterm', '&final', '&regstatus');
Enter value for studentid: 1104
Enter value for csid: B
Enter value for midterm: A
Enter value for final: R
Enter value for regstatus:
old   1: insert into registration values('&studentid', &csid, '&midterm', '&final', '&regstatus')
new   1: insert into registration values('1104', B, 'A', 'R', '')
insert into registration values('1104', B, 'A', 'R', '')
                                        *
ERROR at line 1:
ORA-00984: column not allowed here


SQL> insert into registration values('&studentid', &csid, '&midterm', '&final', '&regstatus');
Enter value for studentid: 1104
Enter value for csid: B
Enter value for midterm: A
Enter value for final:
Enter value for regstatus:
old   1: insert into registration values('&studentid', &csid, '&midterm', '&final', '&regstatus')
new   1: insert into registration values('1104', B, 'A', '', '')
insert into registration values('1104', B, 'A', '', '')
                                        *
ERROR at line 1:
ORA-00984: column not allowed here


SQL> insert into registration values('&studentid', &csid, '&midterm', '&final', '&regstatus');
Enter value for studentid: 00100
Enter value for csid: 1104
Enter value for midterm: B
Enter value for final: A
Enter value for regstatus: R
old   1: insert into registration values('&studentid', &csid, '&midterm', '&final', '&regstatus')
new   1: insert into registration values('00100', 1104, 'B', 'A', 'R')

1 row created.

SQL> insert into registration values('&studentid', &csid, '&midterm', '&final', '&regstatus');
Enter value for studentid: 00102
Enter value for csid: 1102
Enter value for midterm: F
Enter value for final: D
Enter value for regstatus: R
old   1: insert into registration values('&studentid', &csid, '&midterm', '&final', '&regstatus')
new   1: insert into registration values('00102', 1102, 'F', 'D', 'R')

1 row created.

SQL> insert into registration values('&studentid', &csid, '&midterm', '&final', '&regstatus');
Enter value for studentid: 00102
Enter value for csid: 1103
Enter value for midterm: A
Enter value for final: A
Enter value for regstatus: R
old   1: insert into registration values('&studentid', &csid, '&midterm', '&final', '&regstatus')
new   1: insert into registration values('00102', 1103, 'A', 'A', 'R')

1 row created.

SQL> insert into registration values('&studentid', &csid, '&midterm', '&final', '&regstatus');
Enter value for studentid: 00103
Enter value for csid: 1101
Enter value for midterm: F
Enter value for final: W
Enter value for regstatus: W
old   1: insert into registration values('&studentid', &csid, '&midterm', '&final', '&regstatus')
new   1: insert into registration values('00103', 1101, 'F', 'W', 'W')

1 row created.

SQL> insert into registration values('&studentid', &csid, '&midterm', '&final', '&regstatus');
Enter value for studentid: 00103
Enter value for csid: 1104
Enter value for midterm: D
Enter value for final: D
Enter value for regstatus: R
old   1: insert into registration values('&studentid', &csid, '&midterm', '&final', '&regstatus')
new   1: insert into registration values('00103', 1104, 'D', 'D', 'R')

1 row created.

SQL> insert into registration(studentid, csid, regstatus) values('&studentid', &csid, '&regstatus');
Enter value for studentid: 00100
Enter value for csid: 1207
Enter value for regstatus: X
old   1: insert into registration(studentid, csid, regstatus) values('&studentid', &csid, '&regstatus')
new   1: insert into registration(studentid, csid, regstatus) values('00100', 1207, 'X')

1 row created.

SQL> insert into registration(studentid, csid, regstatus) values('&studentid', &csid, '&regstatus');
Enter value for studentid: 00103
Enter value for csid: 1206
Enter value for regstatus: W
old   1: insert into registration(studentid, csid, regstatus) values('&studentid', &csid, '&regstatus')
new   1: insert into registration(studentid, csid, regstatus) values('00103', 1206, 'W')

1 row created.

SQL> insert into registration(studentid, csid, regstatus) values('&studentid', &csid, '&regstatus');
Enter value for studentid: 00104
Enter value for csid: 1206
Enter value for regstatus: X
old   1: insert into registration(studentid, csid, regstatus) values('&studentid', &csid, '&regstatus')
new   1: insert into registration(studentid, csid, regstatus) values('00104', 1206, 'X')

1 row created.

SQL> insert into registration(studentid, csid, regstatus) values('&studentid', &csid, '&regstatus');
Enter value for studentid: 00104
Enter value for csid: 1207
Enter value for regstatus: R
old   1: insert into registration(studentid, csid, regstatus) values('&studentid', &csid, '&regstatus')
new   1: insert into registration(studentid, csid, regstatus) values('00104', 1207, 'R')

1 row created.

SQL> insert into registration(studentid, csid, regstatus) values('&studentid', &csid, '&regstatus');
Enter value for studentid: 00104
Enter value for csid: 1210
Enter value for regstatus: R
old   1: insert into registration(studentid, csid, regstatus) values('&studentid', &csid, '&regstatus')
new   1: insert into registration(studentid, csid, regstatus) values('00104', 1210, 'R')

1 row created.

SQL> insert into registration(studentid, csid, regstatus) values('&studentid', &csid, '&regstatus');
Enter value for studentid: 00105
Enter value for csid: 1208
Enter value for regstatus: R
old   1: insert into registration(studentid, csid, regstatus) values('&studentid', &csid, '&regstatus')
new   1: insert into registration(studentid, csid, regstatus) values('00105', 1208, 'R')

1 row created.

SQL> insert into registration(studentid, csid, regstatus) values('&studentid', &csid, '&regstatus');
Enter value for studentid: 00105
Enter value for csid: 1209
Enter value for regstatus: X
old   1: insert into registration(studentid, csid, regstatus) values('&studentid', &csid, '&regstatus')
new   1: insert into registration(studentid, csid, regstatus) values('00105', 1209, 'X')

1 row created.

SQL> insert into registration(studentid, csid, regstatus) values('&studentid', &csid, '&regstatus');
Enter value for studentid: 00101
Enter value for csid: 1205
Enter value for regstatus: X
old   1: insert into registration(studentid, csid, regstatus) values('&studentid', &csid, '&regstatus')
new   1: insert into registration(studentid, csid, regstatus) values('00101', 1205, 'X')

1 row created.

SQL> insert into registration(studentid, csid, regstatus) values('&studentid', &csid, '&regstatus');
Enter value for studentid: 00102
Enter value for csid: 1210
Enter value for regstatus: R
old   1: insert into registration(studentid, csid, regstatus) values('&studentid', &csid, '&regstatus')
new   1: insert into registration(studentid, csid, regstatus) values('00102', 1210, 'R')

1 row created.

SQL> insert into registration(studentid, csid, regstatus) values('&studentid', &csid, '&regstatus');
Enter value for studentid: 00102
Enter value for csid: 1207
Enter value for regstatus: R
old   1: insert into registration(studentid, csid, regstatus) values('&studentid', &csid, '&regstatus')
new   1: insert into registration(studentid, csid, regstatus) values('00102', 1207, 'R')

1 row created.

SQL> insert into registration(studentid, csid, regstatus) values('&studentid', &csid, '&regstatus');
Enter value for studentid: 00102
Enter value for csid: 1206
Enter value for regstatus: X
old   1: insert into registration(studentid, csid, regstatus) values('&studentid', &csid, '&regstatus')
new   1: insert into registration(studentid, csid, regstatus) values('00102', 1206, 'X')

1 row created.

SQL>

no rows selected

SQL> select from *CRSSECTION;
select from *CRSSECTION
       *
ERROR at line 1:
ORA-00936: missing expression


SQL> select * from CRSSECTION;

no rows selected

SQL> describe CRSSECTION;
 Name                                      Null?    Type
 ----------------------------------------- -------- ----------------------------
 CSID                                      NOT NULL NUMBER(4)
 COURSEID                                           VARCHAR2(26)
 SECTION                                            CHAR(2)
 TERMID                                             CHAR(4)
 FACULTYID                                          NUMBER(3)
 DAY                                                VARCHAR2(2)
 STARTTIME                                          VARCHAR2(5)
 ENDTIME                                            VARCHAR2(5)
 ROOMID                                             NUMBER(2)
 MAXCOUNT                                           NUMBER(2)

SQL> alter table CRSSECTION
  2   ADD FOREIGN KEY(CourseID)
  3  REFERENCES Course(CourseID);

Table altered.

SQL> alter table CRSSECTION
  2  ADD FOREIGN KEY(TermID)
  3  REFERENCES Term(TermID);

Table altered.

SQL> alter table CRSSECTION
  2  ADD FOREIGN KEY(FacultyID)
  3  REFERENCES Faculty(FacultyID);

Table altered.

SQL> alter table CRSSECTION
  2  ADD FOREIGN KEY(RoomID)
  3  REFERENCES Location(RoomID);

Table altered.

SQL> alter table COURSE
  2  ADD FOREIGN KEY(CourseID)
  3  ADD FOREIGN KEY(RoomID)
  4
SQL> alter table COURSE
  2  ADD FOREIGN KEY(PreReq)
  3  REFERENCES Course(CourseID);

Table altered.

SQL> alter table REGISTRATION
  2  ADD FOREIGN KEY(StudentID)
  3  REFERENCES Student(StudentID);

Table altered.

SQL> alter table REGISTRATION
  2  ADD FOREIGN KEY(CsID)
  3  REFERENCES CRSSECTION(CsID);

Table altered.

SQL> alter table LOCATION
  2  ADD FOREIGN KEY(RoomType)
  3  REFEREMCES Room(RoomType);
REFEREMCES Room(RoomType)
*
ERROR at line 3:
ORA-00905: missing keyword


SQL> REFERENCES Room(RoomType);
SP2-0734: unknown command beginning "REFERENCES..." - rest of line ignored.
SQL> alter table LOCATION
  2  ADD FOREIGN KEY(RoomType)
  3  REFERENCES Room(RoomType);

Table altered.

SQL> alter table DEPARTMENT
  2  ADD FOREIGN KEY(FacultyID)
  3  REFERENCES Faculty(FacultyID);

Table altered.

SQL>

SQL*Plus: Release 11.2.0.2.0 Production on Thu Aug 11 10:55:17 2022

Copyright (c) 1982, 2014, Oracle.  All rights reserved.

SQL> select * from tab;
SP2-0640: Not connected
SQL> CONNECT CSCE2029046/aman;
Connected.
SQL>  select * from tab;

TNAME                          TABTYPE  CLUSTERID
------------------------------ ------- ----------
COURSE                         TABLE
CRSSECTION                     TABLE
DEPARTMENT                     TABLE
FACULTY                        TABLE
LOCATION                       TABLE
MAJOR                          TABLE
REGISTRATION                   TABLE
ROOM                           TABLE
STUD                           TABLE
STUDENT                        TABLE
TERM                           TABLE

11 rows selected.

SQL> ALTER TABLE STUDENTS MODIFY(Last NOT NULL);
ALTER TABLE STUDENTS MODIFY(Last NOT NULL)
*
ERROR at line 1:
ORA-00942: table or view does not exist


SQL> ALTER TABLE STUDENT MODIFY(Last NOT NULL);

Table altered.

SQL> ALTER TABLE STUDENT MODIFY(First NOT NULL);

Table altered.

SQL> ALTER TABLE Faculty MODIFY(Name NOT NULL);

Table altered.

SQL> ALTER TABLE CRSSECTION MODIFY(Section NOT NULL);

Table altered.

SQL>  ALTER TABLE CRSSECTION MODIFY(CourseID NOT NULL);

Table altered.

SQL>  ALTER TABLE CRSSECTION MODIFY(TermID NOT NULL);

Table altered.

SQL>  ALTER TABLE Location MODIFY(Building NOT NULL);

Table altered.

SQL>  ALTER TABLE Location MODIFY(RoomNO NOT NULL);

Table altered.

SQL> select from *student;
select from *student
       *
ERROR at line 1:
ORA-00936: missing expression


SQL> select *from student;

no rows selected

SQL> select * from student;

no rows selected

SQL> describe student;
 Name                                      Null?    Type
 ----------------------------------------- -------- ----------------------------
 STUDENTID                                 NOT NULL CHAR(5)
 LAST                                      NOT NULL VARCHAR2(15)
 FIRST                                     NOT NULL VARCHAR2(15)
 STREET                                             VARCHAR2(15)
 STATE                                              VARCHAR2(2)
 ZIP                                                VARCHAR2(5)
 STARTTERM                                          CHAR(4)
 BIRTHDAY                                           DATE
 FACULTYID                                          NUMBER(3)
 MAJORID                                            NUMBER(3)
 PHONE                                              CHAR(10)

SQL> INSERT INTO student values('&STUDENTID', '&LAST', '&FIRST', '&STREET', '&STATE', '&ZIP', '&STARTTERM', '&BIRTHDAY', &FACULTYID, &MAJORID, '&PHONE');
Enter value for studentid: 00100
Enter value for last: Diaz
Enter value for first: Jose
Enter value for street: 1 Ford Avenue #7
Enter value for state: NJ
Enter value for zip: 08863
Enter value for startterm: WN03
Enter value for birthday: 02/12/1983
Enter value for facultyid: 123
Enter value for majorid: 100
Enter value for phone: 973555111
old   1: INSERT INTO student values('&STUDENTID', '&LAST', '&FIRST', '&STREET', '&STATE', '&ZIP', '&STARTTERM', '&BIRTHDAY', &FACULTYID, &MAJORID, '&PHONE')
new   1: INSERT INTO student values('00100', 'Diaz', 'Jose', '1 Ford Avenue #7', 'NJ', '08863', 'WN03', '02/12/1983', 123, 100, '973555111')
INSERT INTO student values('00100', 'Diaz', 'Jose', '1 Ford Avenue #7', 'NJ', '08863', 'WN03', '02/12/1983', 123, 100, '973555111')
                                                    *
ERROR at line 1:
ORA-12899: value too large for column "CSCE2029046"."STUDENT"."STREET" (actual:
16, maximum: 15)


SQL> INSERT INTO student values('&STUDENTID', '&LAST', '&FIRST', '&STREET', '&STATE', '&ZIP', '&STARTTERM', '&BIRTHDAY', &FACULTYID, &MAJORID, '&PHONE');
Enter value for studentid: 00100
Enter value for last: Diaz
Enter value for first: Jose
Enter value for street: 1FordAvenue#7
Enter value for state: NJ
Enter value for zip: 08863
Enter value for startterm: WN03
Enter value for birthday: 02/12/1983
Enter value for facultyid: 123
Enter value for majorid: 100
Enter value for phone: 973555111
old   1: INSERT INTO student values('&STUDENTID', '&LAST', '&FIRST', '&STREET', '&STATE', '&ZIP', '&STARTTERM', '&BIRTHDAY', &FACULTYID, &MAJORID, '&PHONE')
new   1: INSERT INTO student values('00100', 'Diaz', 'Jose', '1FordAvenue#7', 'NJ', '08863', 'WN03', '02/12/1983', 123, 100, '973555111')
INSERT INTO student values('00100', 'Diaz', 'Jose', '1FordAvenue#7', 'NJ', '08863', 'WN03', '02/12/1983', 123, 100, '973555111')
                                                                                            *
ERROR at line 1:
ORA-01843: not a valid month


SQL>  INSERT INTO student values('&STUDENTID', '&LAST', '&FIRST', '&STREET', '&STATE', '&ZIP', '&STARTTERM', '&BIRTHDAY', &FACULTYID, &MAJORID, '&PHONE');
Enter value for studentid: 00100
Enter value for last: Diaz
Enter value for first: Jose
Enter value for street: 1FordAvenue#7
Enter value for state: nj
Enter value for zip: 08863
Enter value for startterm: WN03
Enter value for birthday: 02-Dec-1983
Enter value for facultyid: 123
Enter value for majorid: 100
Enter value for phone: 9735551111
old   1:  INSERT INTO student values('&STUDENTID', '&LAST', '&FIRST', '&STREET', '&STATE', '&ZIP', '&STARTTERM', '&BIRTHDAY', &FACULTYID, &MAJORID, '&PHONE')
new   1:  INSERT INTO student values('00100', 'Diaz', 'Jose', '1FordAvenue#7', 'nj', '08863', 'WN03', '02-Dec-1983', 123, 100, '9735551111')
 INSERT INTO student values('00100', 'Diaz', 'Jose', '1FordAvenue#7', 'nj', '08863', 'WN03', '02-Dec-1983', 123, 100, '9735551111')
*
ERROR at line 1:
ORA-02291: integrity constraint (CSCE2029046.SYS_C008864) violated - parent key
not found


SQL> describe TERM;
 Name                                      Null?    Type
 ----------------------------------------- -------- ----------------------------
 TERMID                                    NOT NULL CHAR(4)
 TERMDESC                                           VARCHAR2(11)
 STARTDATE                                          DATE
 ENDDATE                                            DATE

SQL> describe course;
 Name                                      Null?    Type
 ----------------------------------------- -------- ----------------------------
 COURSEID                                  NOT NULL VARCHAR2(6)
 TITLE                                              VARCHAR2(20)
 CREDITS                                            NUMBER(1)
 PREREQ                                             VARCHAR2(6)

SQL> INSERT INTO course values('&CourseID', '&TITLE', &Credits, '&PREREQ');
Enter value for courseid: EN100
Enter value for title: Basic English
Enter value for credits: 0
Enter value for prereq:
old   1: INSERT INTO course values('&CourseID', '&TITLE', &Credits, '&PREREQ')
new   1: INSERT INTO course values('EN100', 'Basic English', 0, '')

1 row created.

SQL> INSERT INTO course values('&CourseID', '&TITLE', &Credits, '&PREREQ');
Enter value for courseid: LA123
Enter value for title: English Literature
Enter value for credits: 3
Enter value for prereq: EN100
old   1: INSERT INTO course values('&CourseID', '&TITLE', &Credits, '&PREREQ')
new   1: INSERT INTO course values('LA123', 'English Literature', 3, 'EN100')

1 row created.

SQL> INSERT INTO course values('&CourseID', '&TITLE', &Credits, '&PREREQ');
Enter value for courseid: CIS253
Enter value for title: Database Systems
Enter value for credits: 3
Enter value for prereq:
old   1: INSERT INTO course values('&CourseID', '&TITLE', &Credits, '&PREREQ')
new   1: INSERT INTO course values('CIS253', 'Database Systems', 3, '')

1 row created.

SQL> INSERT INTO course values('&CourseID', '&TITLE', &Credits, '&PREREQ');
Enter value for courseid: CIS265
Enter value for title: System Analysis
Enter value for credits: 3
Enter value for prereq: CIS253
old   1: INSERT INTO course values('&CourseID', '&TITLE', &Credits, '&PREREQ')
new   1: INSERT INTO course values('CIS265', 'System Analysis', 3, 'CIS253')

1 row created.

SQL> INSERT INTO course values('&CourseID', '&TITLE', &Credits, '&PREREQ');
Enter value for courseid: MA150
Enter value for title: College Algebra
Enter value for credits: 3
Enter value for prereq:
old   1: INSERT INTO course values('&CourseID', '&TITLE', &Credits, '&PREREQ')
new   1: INSERT INTO course values('MA150', 'College Algebra', 3, '')

1 row created.

SQL> INSERT INTO course values('&CourseID', '&TITLE', &Credits, '&PREREQ');
Enter value for courseid: AC101
Enter value for title: Accounting
Enter value for credits: 3
Enter value for prereq:
old   1: INSERT INTO course values('&CourseID', '&TITLE', &Credits, '&PREREQ')
new   1: INSERT INTO course values('AC101', 'Accounting', 3, '')

1 row created.

SQL> commit;

Commit complete.

SQL>

SQL*Plus: Release 11.2.0.2.0 Production on Thu Aug 11 12:20:57 2022

Copyright (c) 1982, 2014, Oracle.  All rights reserved.

SQL> CONNECT CSCE2029046/aman;
Connected.
SQL> select *from tab;

TNAME                          TABTYPE  CLUSTERID
------------------------------ ------- ----------
COURSE                         TABLE
CRSSECTION                     TABLE
DEPARTMENT                     TABLE
FACULTY                        TABLE
LOCATION                       TABLE
MAJOR                          TABLE
REGISTRATION                   TABLE
ROOM                           TABLE
STUD                           TABLE
STUDENT                        TABLE
TERM                           TABLE

11 rows selected.

SQL> describe table;
ERROR:
ORA-00931: missing identifier


SQL> describe table;
ERROR:
ORA-00931: missing identifier


SQL> describe room;
 Name                                      Null?    Type
 ----------------------------------------- -------- ----------------------------
 ROOMTYPE                                  NOT NULL CHAR(1)
 ROOMDESC                                           VARCHAR2(9)

SQL> INSERT INTO ROOM VALUES('&ROOMTYPE', '&ROOMDESC');
Enter value for roomtype: L
Enter value for roomdesc: Lab
old   1: INSERT INTO ROOM VALUES('&ROOMTYPE', '&ROOMDESC')
new   1: INSERT INTO ROOM VALUES('L', 'Lab')

1 row created.

SQL>  INSERT INTO ROOM VALUES('&ROOMTYPE', '&ROOMDESC');
Enter value for roomtype: C
Enter value for roomdesc: Classroom
old   1:  INSERT INTO ROOM VALUES('&ROOMTYPE', '&ROOMDESC')
new   1:  INSERT INTO ROOM VALUES('C', 'Classroom')

1 row created.

SQL>  INSERT INTO ROOM VALUES('&ROOMTYPE', '&ROOMDESC');
Enter value for roomtype: O
Enter value for roomdesc: Office
old   1:  INSERT INTO ROOM VALUES('&ROOMTYPE', '&ROOMDESC')
new   1:  INSERT INTO ROOM VALUES('O', 'Office')

1 row created.

SQL> describe term;
 Name                                      Null?    Type
 ----------------------------------------- -------- ----------------------------
 TERMID                                    NOT NULL CHAR(4)
 TERMDESC                                           VARCHAR2(11)
 STARTDATE                                          DATE
 ENDDATE                                            DATE

SQL> INSERT INTO TERM VALUES('&TERMID', '&TERMDESC', '&STARTDATE', '&ENDDATE');
Enter value for termid: SP02
Enter value for termdesc: Spring 2002
Enter value for startdate: 28-APR-2002
Enter value for enddate: 16-AUG-2002
old   1: INSERT INTO TERM VALUES('&TERMID', '&TERMDESC', '&STARTDATE', '&ENDDATE')
new   1: INSERT INTO TERM VALUES('SP02', 'Spring 2002', '28-APR-2002', '16-AUG-2002')

1 row created.

SQL>  INSERT INTO TERM VALUES('&TERMID', '&TERMDESC', '&STARTDATE', '&ENDDATE');
Enter value for termid: FL02
Enter value for termdesc: Fall 2002
Enter value for startdate: 08-SEP-02
Enter value for enddate: 20-DEC-02
old   1:  INSERT INTO TERM VALUES('&TERMID', '&TERMDESC', '&STARTDATE', '&ENDDATE')
new   1:  INSERT INTO TERM VALUES('FL02', 'Fall 2002', '08-SEP-02', '20-DEC-02')

1 row created.

SQL>  INSERT INTO TERM VALUES('&TERMID', '&TERMDESC', '&STARTDATE', '&ENDDATE');
Enter value for termid: WN03
Enter value for termdesc: WINTER 2003
Enter value for startdate: 05-JAN-03
Enter value for enddate: 18-APR-03
old   1:  INSERT INTO TERM VALUES('&TERMID', '&TERMDESC', '&STARTDATE', '&ENDDATE')
new   1:  INSERT INTO TERM VALUES('WN03', 'WINTER 2003', '05-JAN-03', '18-APR-03')

1 row created.

SQL>  INSERT INTO TERM VALUES('&TERMID', '&TERMDESC', '&STARTDATE', '&ENDDATE');
Enter value for termid: SP03
Enter value for termdesc: SPRING 2003
Enter value for startdate: 27-APR-03
Enter value for enddate: 15-AUG-03
old   1:  INSERT INTO TERM VALUES('&TERMID', '&TERMDESC', '&STARTDATE', '&ENDDATE')
new   1:  INSERT INTO TERM VALUES('SP03', 'SPRING 2003', '27-APR-03', '15-AUG-03')

1 row created.

SQL>  INSERT INTO TERM VALUES('&TERMID', '&TERMDESC', '&STARTDATE', '&ENDDATE');
Enter value for termid: FL03
Enter value for termdesc: FALL 2003
Enter value for startdate: 7-SEP-03
Enter value for enddate: 19-DEC-03
old   1:  INSERT INTO TERM VALUES('&TERMID', '&TERMDESC', '&STARTDATE', '&ENDDATE')
new   1:  INSERT INTO TERM VALUES('FL03', 'FALL 2003', '7-SEP-03', '19-DEC-03')

1 row created.

SQL> describe Major;
 Name                                      Null?    Type
 ----------------------------------------- -------- ----------------------------
 MAJORID                                   NOT NULL NUMBER(3)
 MAJORDESC                                          VARCHAR2(25)

SQL> INSERT INTO MAJOR VALUES(&MajorID, '&MajorDesc');
Enter value for majorid: 100
Enter value for majordesc: AAS-Accounting
old   1: INSERT INTO MAJOR VALUES(&MajorID, '&MajorDesc')
new   1: INSERT INTO MAJOR VALUES(100, 'AAS-Accounting')

1 row created.

SQL>  INSERT INTO MAJOR VALUES(&MajorID, '&MajorDesc');
Enter value for majorid: 200
Enter value for majordesc: AAS-Computer Science
old   1:  INSERT INTO MAJOR VALUES(&MajorID, '&MajorDesc')
new   1:  INSERT INTO MAJOR VALUES(200, 'AAS-Computer Science')

1 row created.

SQL>  INSERT INTO MAJOR VALUES(&MajorID, '&MajorDesc');
Enter value for majorid: 300
Enter value for majordesc: AAS-Telecommunications
old   1:  INSERT INTO MAJOR VALUES(&MajorID, '&MajorDesc')
new   1:  INSERT INTO MAJOR VALUES(300, 'AAS-Telecommunications')

1 row created.

SQL>  INSERT INTO MAJOR VALUES(&MajorID, '&MajorDesc');
Enter value for majorid: 400
Enter value for majordesc: BS-Accounting
old   1:  INSERT INTO MAJOR VALUES(&MajorID, '&MajorDesc')
new   1:  INSERT INTO MAJOR VALUES(400, 'BS-Accounting')

1 row created.

SQL>  INSERT INTO MAJOR VALUES(&MajorID, '&MajorDesc');
Enter value for majorid: 500
Enter value for majordesc: BS-Computer Science
old   1:  INSERT INTO MAJOR VALUES(&MajorID, '&MajorDesc')
new   1:  INSERT INTO MAJOR VALUES(500, 'BS-Computer Science')

1 row created.

SQL>  INSERT INTO MAJOR VALUES(&MajorID, '&MajorDesc');
Enter value for majorid: 600
Enter value for majordesc: BS-Telecommunications
old   1:  INSERT INTO MAJOR VALUES(&MajorID, '&MajorDesc')
new   1:  INSERT INTO MAJOR VALUES(600, 'BS-Telecommunications')

1 row created.

SQL> describe department;
 Name                                      Null?    Type
 ----------------------------------------- -------- ----------------------------
 DEPTID                                    NOT NULL NUMBER(1)
 DEPTNAME                                           VARCHAR2(20)
 FACULTYID                                          NUMBER(3)

SQL> INSERT INTO DEPARTMENT VALUES(&DEPTID, '&DEPTNAME', &FACULTYID);
Enter value for deptid: 1
Enter value for deptname: Computer Science
Enter value for facultyid: 111
old   1: INSERT INTO DEPARTMENT VALUES(&DEPTID, '&DEPTNAME', &FACULTYID)
new   1: INSERT INTO DEPARTMENT VALUES(1, 'Computer Science', 111)
INSERT INTO DEPARTMENT VALUES(1, 'Computer Science', 111)
*
ERROR at line 1:
ORA-02291: integrity constraint (CSCE2029046.SYS_C008881) violated - parent key
not found


SQL>